2025-12-30 01:04:20.902 | INFO     | utils.logger_config:setup_logger:111 | Logger configured: ui_backend
2025-12-30 01:04:20.902 | INFO     | utils.logger_config:setup_logger:112 | Log file: /Users/rajarn/Learn-Agentic/edgar-poc/edgar-graphdb/ui/backend/logs/ui_backend_20251230.log
2025-12-30 01:04:20.903 | INFO     | utils.logger_config:setup_logger:113 | Error log file: /Users/rajarn/Learn-Agentic/edgar-poc/edgar-graphdb/ui/backend/logs/errors_20251230.log
2025-12-30 01:04:20.903 | INFO     | utils.logger_config:setup_logger:114 | Access log file: /Users/rajarn/Learn-Agentic/edgar-poc/edgar-graphdb/ui/backend/logs/access_20251230.log
2025-12-30 01:04:20.903 | INFO     | utils.logger_config:setup_logger:115 | Log level: INFO
2025-12-30 01:04:21.115 | INFO     | app:startup_event:87 | ============================================================
2025-12-30 01:04:21.115 | INFO     | app:startup_event:88 | Neo4j EDGAR Graph API - Starting
2025-12-30 01:04:21.115 | INFO     | app:startup_event:89 | ============================================================
2025-12-30 01:04:21.115 | INFO     | app:startup_event:90 | Environment: development
2025-12-30 01:04:21.115 | INFO     | app:startup_event:91 | Neo4j URI: bolt://localhost:7687
2025-12-30 01:04:36.906 | INFO     | app:dispatch:39 | Request: GET /api/graph/AAPL | Client: 127.0.0.1 | Query params: {}
2025-12-30 01:04:36.907 | INFO     | services.neo4j_service:__init__:104 | Initializing Neo4jGraphService
2025-12-30 01:04:36.907 | INFO     | neo4j_client:__init__:55 | Initializing Neo4j client: bolt://localhost:7687 (user: neo4j)
2025-12-30 01:04:36.924 | INFO     | neo4j_client:connect:70 | Successfully connected to Neo4j
2025-12-30 01:04:36.925 | INFO     | services.neo4j_service:__init__:108 | Neo4jGraphService initialized successfully
2025-12-30 01:04:37.013 | INFO     | services.neo4j_service:get_complete_graph:343 | get_complete_graph completed for AAPL: 92 nodes, 91 edges in 0.088s
2025-12-30 01:04:37.026 | INFO     | app:dispatch:50 | Response: GET /api/graph/AAPL | Status: 200 | Time: 0.121s
2025-12-30 01:04:37.038 | INFO     | app:dispatch:39 | Request: GET /api/ticker/AAPL/stats | Client: 127.0.0.1 | Query params: {}
2025-12-30 01:04:37.039 | INFO     | api.ticker:get_ticker_stats:116 | Getting stats for ticker: AAPL
2025-12-30 01:04:37.039 | INFO     | services.neo4j_service:__init__:104 | Initializing Neo4jGraphService
2025-12-30 01:04:37.039 | INFO     | neo4j_client:__init__:55 | Initializing Neo4j client: bolt://localhost:7687 (user: neo4j)
2025-12-30 01:04:37.045 | INFO     | neo4j_client:connect:70 | Successfully connected to Neo4j
2025-12-30 01:04:37.045 | INFO     | services.neo4j_service:__init__:108 | Neo4jGraphService initialized successfully
2025-12-30 01:04:37.049 | INFO     | api.ticker:get_ticker_stats:127 | Stats retrieved for AAPL: 12 filings, 23 sections, 56 chunks in 0.010s
2025-12-30 01:04:37.049 | INFO     | app:dispatch:50 | Response: GET /api/ticker/AAPL/stats | Status: 200 | Time: 0.012s
2025-12-30 01:04:51.993 | INFO     | app:dispatch:39 | Request: GET /api/graph/node/0001462356-25-000012 | Client: 127.0.0.1 | Query params: {'labels': 'Filing'}
2025-12-30 01:04:51.994 | INFO     | api.graph:get_node_details:134 | Getting details for node 0001462356-25-000012 with labels: ['Filing']
2025-12-30 01:04:52.009 | INFO     | services.neo4j_service:get_node_relationships:605 | get_node_relationships completed for 0001462356-25-000012: 0 incoming, 2 outgoing in 0.008s
2025-12-30 01:04:52.009 | INFO     | api.graph:get_node_details:171 | Node details retrieved for 0001462356-25-000012: 0 incoming, 2 outgoing relationships in 0.015s
2025-12-30 01:04:52.010 | INFO     | app:dispatch:50 | Response: GET /api/graph/node/0001462356-25-000012 | Status: 200 | Time: 0.017s
2025-12-30 01:05:00.305 | INFO     | app:dispatch:39 | Request: GET /api/graph/node/0000320193-25-000066 | Client: 127.0.0.1 | Query params: {'labels': 'Filing'}
2025-12-30 01:05:00.306 | INFO     | api.graph:get_node_details:134 | Getting details for node 0000320193-25-000066 with labels: ['Filing']
2025-12-30 01:05:00.319 | INFO     | services.neo4j_service:get_node_relationships:605 | get_node_relationships completed for 0000320193-25-000066: 0 incoming, 2 outgoing in 0.006s
2025-12-30 01:05:00.319 | INFO     | api.graph:get_node_details:171 | Node details retrieved for 0000320193-25-000066: 0 incoming, 2 outgoing relationships in 0.013s
2025-12-30 01:05:00.320 | INFO     | app:dispatch:50 | Response: GET /api/graph/node/0000320193-25-000066 | Status: 200 | Time: 0.015s
2025-12-30 01:05:01.611 | INFO     | app:dispatch:39 | Request: GET /api/graph/node/0000320193-25-000066 | Client: 127.0.0.1 | Query params: {'labels': 'Filing'}
2025-12-30 01:05:01.612 | INFO     | api.graph:get_node_details:134 | Getting details for node 0000320193-25-000066 with labels: ['Filing']
2025-12-30 01:05:01.622 | INFO     | services.neo4j_service:get_node_relationships:605 | get_node_relationships completed for 0000320193-25-000066: 0 incoming, 2 outgoing in 0.005s
2025-12-30 01:05:01.623 | INFO     | api.graph:get_node_details:171 | Node details retrieved for 0000320193-25-000066: 0 incoming, 2 outgoing relationships in 0.011s
2025-12-30 01:05:01.624 | INFO     | app:dispatch:50 | Response: GET /api/graph/node/0000320193-25-000066 | Status: 200 | Time: 0.013s
2025-12-30 01:05:17.713 | INFO     | app:dispatch:39 | Request: GET /api/graph/node/0000320193-25-000066 | Client: 127.0.0.1 | Query params: {'labels': 'Filing'}
2025-12-30 01:05:17.714 | INFO     | api.graph:get_node_details:134 | Getting details for node 0000320193-25-000066 with labels: ['Filing']
2025-12-30 01:05:17.724 | INFO     | services.neo4j_service:get_node_relationships:605 | get_node_relationships completed for 0000320193-25-000066: 0 incoming, 2 outgoing in 0.005s
2025-12-30 01:05:17.724 | INFO     | api.graph:get_node_details:171 | Node details retrieved for 0000320193-25-000066: 0 incoming, 2 outgoing relationships in 0.010s
2025-12-30 01:05:17.724 | INFO     | app:dispatch:50 | Response: GET /api/graph/node/0000320193-25-000066 | Status: 200 | Time: 0.012s
2025-12-30 01:05:18.342 | INFO     | app:dispatch:39 | Request: GET /api/graph/node/0000320193-25-000066 | Client: 127.0.0.1 | Query params: {'labels': 'Filing'}
2025-12-30 01:05:18.344 | INFO     | api.graph:get_node_details:134 | Getting details for node 0000320193-25-000066 with labels: ['Filing']
2025-12-30 01:05:18.356 | INFO     | services.neo4j_service:get_node_relationships:605 | get_node_relationships completed for 0000320193-25-000066: 0 incoming, 2 outgoing in 0.006s
2025-12-30 01:05:18.356 | INFO     | api.graph:get_node_details:171 | Node details retrieved for 0000320193-25-000066: 0 incoming, 2 outgoing relationships in 0.012s
2025-12-30 01:05:18.357 | INFO     | app:dispatch:50 | Response: GET /api/graph/node/0000320193-25-000066 | Status: 200 | Time: 0.014s
2025-12-30 01:05:55.541 | INFO     | app:dispatch:39 | Request: GET /api/graph/node/0000912057-97-019277 | Client: 127.0.0.1 | Query params: {'labels': 'Filing'}
2025-12-30 01:05:55.541 | INFO     | api.graph:get_node_details:134 | Getting details for node 0000912057-97-019277 with labels: ['Filing']
2025-12-30 01:05:55.552 | INFO     | services.neo4j_service:get_node_relationships:605 | get_node_relationships completed for 0000912057-97-019277: 0 incoming, 2 outgoing in 0.006s
2025-12-30 01:05:55.552 | INFO     | api.graph:get_node_details:171 | Node details retrieved for 0000912057-97-019277: 0 incoming, 2 outgoing relationships in 0.011s
2025-12-30 01:05:55.553 | INFO     | app:dispatch:50 | Response: GET /api/graph/node/0000912057-97-019277 | Status: 200 | Time: 0.012s
2025-12-30 01:06:16.608 | INFO     | app:dispatch:39 | Request: GET /api/graph/node/0001462356-25-000012 | Client: 127.0.0.1 | Query params: {'labels': 'Filing'}
2025-12-30 01:06:16.608 | INFO     | api.graph:get_node_details:134 | Getting details for node 0001462356-25-000012 with labels: ['Filing']
2025-12-30 01:06:16.619 | INFO     | services.neo4j_service:get_node_relationships:605 | get_node_relationships completed for 0001462356-25-000012: 0 incoming, 2 outgoing in 0.005s
2025-12-30 01:06:16.619 | INFO     | api.graph:get_node_details:171 | Node details retrieved for 0001462356-25-000012: 0 incoming, 2 outgoing relationships in 0.011s
2025-12-30 01:06:16.620 | INFO     | app:dispatch:50 | Response: GET /api/graph/node/0001462356-25-000012 | Status: 200 | Time: 0.012s
2025-12-30 01:06:18.789 | INFO     | app:dispatch:39 | Request: GET /api/graph/node/0001462356-25-000012 | Client: 127.0.0.1 | Query params: {'labels': 'Filing'}
2025-12-30 01:06:18.790 | INFO     | api.graph:get_node_details:134 | Getting details for node 0001462356-25-000012 with labels: ['Filing']
2025-12-30 01:06:18.802 | INFO     | services.neo4j_service:get_node_relationships:605 | get_node_relationships completed for 0001462356-25-000012: 0 incoming, 2 outgoing in 0.005s
2025-12-30 01:06:18.802 | INFO     | api.graph:get_node_details:171 | Node details retrieved for 0001462356-25-000012: 0 incoming, 2 outgoing relationships in 0.012s
2025-12-30 01:06:18.803 | INFO     | app:dispatch:50 | Response: GET /api/graph/node/0001462356-25-000012 | Status: 200 | Time: 0.014s
2025-12-30 01:06:19.684 | INFO     | app:dispatch:39 | Request: GET /api/graph/node/0001462356-25-000012_Item1 | Client: 127.0.0.1 | Query params: {'labels': 'Section'}
2025-12-30 01:06:19.685 | INFO     | api.graph:get_node_details:134 | Getting details for node 0001462356-25-000012_Item1 with labels: ['Section']
2025-12-30 01:06:19.697 | INFO     | services.neo4j_service:get_node_relationships:605 | get_node_relationships completed for 0001462356-25-000012_Item1: 1 incoming, 0 outgoing in 0.005s
2025-12-30 01:06:19.697 | INFO     | api.graph:get_node_details:171 | Node details retrieved for 0001462356-25-000012_Item1: 1 incoming, 0 outgoing relationships in 0.012s
2025-12-30 01:06:19.697 | INFO     | app:dispatch:50 | Response: GET /api/graph/node/0001462356-25-000012_Item1 | Status: 200 | Time: 0.014s
2025-12-30 01:06:49.571 | INFO     | app:dispatch:39 | Request: GET /api/graph/AAPL | Client: 127.0.0.1 | Query params: {}
2025-12-30 01:06:49.680 | INFO     | services.neo4j_service:get_complete_graph:343 | get_complete_graph completed for AAPL: 92 nodes, 91 edges in 0.108s
2025-12-30 01:06:49.695 | INFO     | app:dispatch:50 | Response: GET /api/graph/AAPL | Status: 200 | Time: 0.124s
2025-12-30 01:06:49.704 | INFO     | app:dispatch:39 | Request: GET /api/ticker/AAPL/stats | Client: 127.0.0.1 | Query params: {}
2025-12-30 01:06:49.704 | INFO     | api.ticker:get_ticker_stats:116 | Getting stats for ticker: AAPL
2025-12-30 01:06:49.711 | INFO     | api.ticker:get_ticker_stats:127 | Stats retrieved for AAPL: 12 filings, 23 sections, 56 chunks in 0.007s
2025-12-30 01:06:49.711 | INFO     | app:dispatch:50 | Response: GET /api/ticker/AAPL/stats | Status: 200 | Time: 0.007s
2025-12-30 01:07:06.995 | INFO     | app:dispatch:39 | Request: GET /api/graph/node/0000320193-25-000066 | Client: 127.0.0.1 | Query params: {'labels': 'Filing'}
2025-12-30 01:07:06.996 | INFO     | api.graph:get_node_details:134 | Getting details for node 0000320193-25-000066 with labels: ['Filing']
2025-12-30 01:07:07.006 | INFO     | services.neo4j_service:get_node_relationships:605 | get_node_relationships completed for 0000320193-25-000066: 0 incoming, 2 outgoing in 0.004s
2025-12-30 01:07:07.006 | INFO     | api.graph:get_node_details:171 | Node details retrieved for 0000320193-25-000066: 0 incoming, 2 outgoing relationships in 0.010s
2025-12-30 01:07:07.006 | INFO     | app:dispatch:50 | Response: GET /api/graph/node/0000320193-25-000066 | Status: 200 | Time: 0.011s
2025-12-30 01:07:12.921 | INFO     | app:dispatch:39 | Request: GET /api/graph/node/0000320193 | Client: 127.0.0.1 | Query params: {'labels': 'Company'}
2025-12-30 01:07:12.922 | INFO     | api.graph:get_node_details:134 | Getting details for node 0000320193 with labels: ['Company']
2025-12-30 01:07:12.961 | INFO     | services.neo4j_service:get_node_relationships:605 | get_node_relationships completed for 0000320193: 13 incoming, 0 outgoing in 0.034s
2025-12-30 01:07:12.961 | INFO     | api.graph:get_node_details:171 | Node details retrieved for 0000320193: 13 incoming, 0 outgoing relationships in 0.039s
2025-12-30 01:07:12.961 | INFO     | app:dispatch:50 | Response: GET /api/graph/node/0000320193 | Status: 200 | Time: 0.041s
2025-12-30 01:07:17.606 | INFO     | app:dispatch:39 | Request: GET /api/graph/node/0000320193-25-000066 | Client: 127.0.0.1 | Query params: {'labels': 'Filing'}
2025-12-30 01:07:17.608 | INFO     | api.graph:get_node_details:134 | Getting details for node 0000320193-25-000066 with labels: ['Filing']
2025-12-30 01:07:17.619 | INFO     | services.neo4j_service:get_node_relationships:605 | get_node_relationships completed for 0000320193-25-000066: 0 incoming, 2 outgoing in 0.005s
2025-12-30 01:07:17.619 | INFO     | api.graph:get_node_details:171 | Node details retrieved for 0000320193-25-000066: 0 incoming, 2 outgoing relationships in 0.011s
2025-12-30 01:07:17.620 | INFO     | app:dispatch:50 | Response: GET /api/graph/node/0000320193-25-000066 | Status: 200 | Time: 0.014s
2025-12-30 01:07:32.149 | INFO     | app:dispatch:39 | Request: GET /api/graph/node/0000320193-25-000066 | Client: 127.0.0.1 | Query params: {'labels': 'Filing'}
2025-12-30 01:07:32.150 | INFO     | api.graph:get_node_details:134 | Getting details for node 0000320193-25-000066 with labels: ['Filing']
2025-12-30 01:07:32.164 | INFO     | services.neo4j_service:get_node_relationships:605 | get_node_relationships completed for 0000320193-25-000066: 0 incoming, 2 outgoing in 0.009s
2025-12-30 01:07:32.164 | INFO     | api.graph:get_node_details:171 | Node details retrieved for 0000320193-25-000066: 0 incoming, 2 outgoing relationships in 0.014s
2025-12-30 01:07:32.164 | INFO     | app:dispatch:50 | Response: GET /api/graph/node/0000320193-25-000066 | Status: 200 | Time: 0.016s
2025-12-30 01:07:38.905 | INFO     | app:dispatch:39 | Request: GET /api/graph/node/0000320193-25-000066_Item1 | Client: 127.0.0.1 | Query params: {'labels': 'Section'}
2025-12-30 01:07:38.906 | INFO     | api.graph:get_node_details:134 | Getting details for node 0000320193-25-000066_Item1 with labels: ['Section']
2025-12-30 01:07:38.917 | INFO     | services.neo4j_service:get_node_relationships:605 | get_node_relationships completed for 0000320193-25-000066_Item1: 1 incoming, 0 outgoing in 0.004s
2025-12-30 01:07:38.917 | INFO     | api.graph:get_node_details:171 | Node details retrieved for 0000320193-25-000066_Item1: 1 incoming, 0 outgoing relationships in 0.011s
2025-12-30 01:07:38.918 | INFO     | app:dispatch:50 | Response: GET /api/graph/node/0000320193-25-000066_Item1 | Status: 200 | Time: 0.012s
2025-12-30 01:07:40.837 | INFO     | app:dispatch:39 | Request: GET /api/graph/AAPL/expand/0000320193-25-000066_Item1 | Client: 127.0.0.1 | Query params: {'node_type': 'section'}
2025-12-30 01:07:40.841 | INFO     | api.graph:expand_node:78 | Expanding node 0000320193-25-000066_Item1 (type: section) for ticker: AAPL
2025-12-30 01:07:40.851 | INFO     | services.neo4j_service:expand_section:465 | expand_section completed for 0000320193-25-000066_Item1: 0 nodes, 0 edges in 0.009s
2025-12-30 01:07:40.851 | WARNING  | api.graph:expand_node:92 | No data found for node: 0000320193-25-000066_Item1
2025-12-30 01:07:40.852 | INFO     | app:dispatch:50 | Response: GET /api/graph/AAPL/expand/0000320193-25-000066_Item1 | Status: 404 | Time: 0.015s
2025-12-30 01:07:48.238 | INFO     | app:dispatch:39 | Request: GET /api/graph/node/0000320193-25-000066_Item1 | Client: 127.0.0.1 | Query params: {'labels': 'Section'}
2025-12-30 01:07:48.239 | INFO     | api.graph:get_node_details:134 | Getting details for node 0000320193-25-000066_Item1 with labels: ['Section']
2025-12-30 01:07:48.252 | INFO     | services.neo4j_service:get_node_relationships:605 | get_node_relationships completed for 0000320193-25-000066_Item1: 1 incoming, 0 outgoing in 0.004s
2025-12-30 01:07:48.252 | INFO     | api.graph:get_node_details:171 | Node details retrieved for 0000320193-25-000066_Item1: 1 incoming, 0 outgoing relationships in 0.013s
2025-12-30 01:07:48.253 | INFO     | app:dispatch:50 | Response: GET /api/graph/node/0000320193-25-000066_Item1 | Status: 200 | Time: 0.015s
2025-12-30 01:07:49.289 | INFO     | app:dispatch:39 | Request: GET /api/graph/node/0000320193-25-000066_Item1 | Client: 127.0.0.1 | Query params: {'labels': 'Section'}
2025-12-30 01:07:49.289 | INFO     | api.graph:get_node_details:134 | Getting details for node 0000320193-25-000066_Item1 with labels: ['Section']
2025-12-30 01:07:49.295 | INFO     | services.neo4j_service:get_node_relationships:605 | get_node_relationships completed for 0000320193-25-000066_Item1: 1 incoming, 0 outgoing in 0.003s
2025-12-30 01:07:49.295 | INFO     | api.graph:get_node_details:171 | Node details retrieved for 0000320193-25-000066_Item1: 1 incoming, 0 outgoing relationships in 0.006s
2025-12-30 01:07:49.295 | INFO     | app:dispatch:50 | Response: GET /api/graph/node/0000320193-25-000066_Item1 | Status: 200 | Time: 0.007s
2025-12-30 01:07:49.524 | INFO     | app:dispatch:39 | Request: GET /api/graph/node/0000320193-25-000066_Item1 | Client: 127.0.0.1 | Query params: {'labels': 'Section'}
2025-12-30 01:07:49.525 | INFO     | api.graph:get_node_details:134 | Getting details for node 0000320193-25-000066_Item1 with labels: ['Section']
2025-12-30 01:07:49.549 | INFO     | services.neo4j_service:get_node_relationships:605 | get_node_relationships completed for 0000320193-25-000066_Item1: 1 incoming, 0 outgoing in 0.009s
2025-12-30 01:07:49.550 | INFO     | api.graph:get_node_details:171 | Node details retrieved for 0000320193-25-000066_Item1: 1 incoming, 0 outgoing relationships in 0.024s
2025-12-30 01:07:49.550 | INFO     | app:dispatch:50 | Response: GET /api/graph/node/0000320193-25-000066_Item1 | Status: 200 | Time: 0.026s
2025-12-30 01:07:51.334 | INFO     | app:dispatch:39 | Request: GET /api/graph/node/0000320193-25-000066_Item1 | Client: 127.0.0.1 | Query params: {'labels': 'Section'}
2025-12-30 01:07:51.335 | INFO     | api.graph:get_node_details:134 | Getting details for node 0000320193-25-000066_Item1 with labels: ['Section']
2025-12-30 01:07:51.345 | INFO     | services.neo4j_service:get_node_relationships:605 | get_node_relationships completed for 0000320193-25-000066_Item1: 1 incoming, 0 outgoing in 0.004s
2025-12-30 01:07:51.346 | INFO     | api.graph:get_node_details:171 | Node details retrieved for 0000320193-25-000066_Item1: 1 incoming, 0 outgoing relationships in 0.011s
2025-12-30 01:07:51.346 | INFO     | app:dispatch:50 | Response: GET /api/graph/node/0000320193-25-000066_Item1 | Status: 200 | Time: 0.013s
2025-12-30 01:07:51.521 | INFO     | app:dispatch:39 | Request: GET /api/graph/node/0000320193-25-000066_Item1 | Client: 127.0.0.1 | Query params: {'labels': 'Section'}
2025-12-30 01:07:51.523 | INFO     | api.graph:get_node_details:134 | Getting details for node 0000320193-25-000066_Item1 with labels: ['Section']
2025-12-30 01:07:51.532 | INFO     | services.neo4j_service:get_node_relationships:605 | get_node_relationships completed for 0000320193-25-000066_Item1: 1 incoming, 0 outgoing in 0.003s
2025-12-30 01:07:51.533 | INFO     | api.graph:get_node_details:171 | Node details retrieved for 0000320193-25-000066_Item1: 1 incoming, 0 outgoing relationships in 0.010s
2025-12-30 01:07:51.534 | INFO     | app:dispatch:39 | Request: GET /api/graph/AAPL/expand/0000320193-25-000066_Item1 | Client: 127.0.0.1 | Query params: {'node_type': 'section'}
2025-12-30 01:07:51.535 | INFO     | app:dispatch:50 | Response: GET /api/graph/node/0000320193-25-000066_Item1 | Status: 200 | Time: 0.013s
2025-12-30 01:07:51.536 | INFO     | api.graph:expand_node:78 | Expanding node 0000320193-25-000066_Item1 (type: section) for ticker: AAPL
2025-12-30 01:07:51.540 | INFO     | services.neo4j_service:expand_section:465 | expand_section completed for 0000320193-25-000066_Item1: 0 nodes, 0 edges in 0.004s
2025-12-30 01:07:51.540 | WARNING  | api.graph:expand_node:92 | No data found for node: 0000320193-25-000066_Item1
2025-12-30 01:07:51.541 | INFO     | app:dispatch:50 | Response: GET /api/graph/AAPL/expand/0000320193-25-000066_Item1 | Status: 404 | Time: 0.007s
2025-12-30 01:07:54.670 | INFO     | app:dispatch:39 | Request: GET /api/graph/node/0000912057-97-019277 | Client: 127.0.0.1 | Query params: {'labels': 'Filing'}
2025-12-30 01:07:54.671 | INFO     | api.graph:get_node_details:134 | Getting details for node 0000912057-97-019277 with labels: ['Filing']
2025-12-30 01:07:54.684 | INFO     | services.neo4j_service:get_node_relationships:605 | get_node_relationships completed for 0000912057-97-019277: 0 incoming, 2 outgoing in 0.004s
2025-12-30 01:07:54.684 | INFO     | api.graph:get_node_details:171 | Node details retrieved for 0000912057-97-019277: 0 incoming, 2 outgoing relationships in 0.013s
2025-12-30 01:07:54.684 | INFO     | app:dispatch:50 | Response: GET /api/graph/node/0000912057-97-019277 | Status: 200 | Time: 0.015s
2025-12-30 01:07:58.444 | INFO     | app:dispatch:39 | Request: GET /api/graph/node/0000912057-97-019277_Item1 | Client: 127.0.0.1 | Query params: {'labels': 'Section'}
2025-12-30 01:07:58.445 | INFO     | api.graph:get_node_details:134 | Getting details for node 0000912057-97-019277_Item1 with labels: ['Section']
2025-12-30 01:07:58.457 | INFO     | services.neo4j_service:get_node_relationships:605 | get_node_relationships completed for 0000912057-97-019277_Item1: 1 incoming, 0 outgoing in 0.004s
2025-12-30 01:07:58.457 | INFO     | api.graph:get_node_details:171 | Node details retrieved for 0000912057-97-019277_Item1: 1 incoming, 0 outgoing relationships in 0.012s
2025-12-30 01:07:58.458 | INFO     | app:dispatch:50 | Response: GET /api/graph/node/0000912057-97-019277_Item1 | Status: 200 | Time: 0.014s
2025-12-30 01:07:59.093 | INFO     | app:dispatch:39 | Request: GET /api/graph/AAPL/expand/0000912057-97-019277_Item1 | Client: 127.0.0.1 | Query params: {'node_type': 'section'}
2025-12-30 01:07:59.095 | INFO     | api.graph:expand_node:78 | Expanding node 0000912057-97-019277_Item1 (type: section) for ticker: AAPL
2025-12-30 01:07:59.104 | INFO     | services.neo4j_service:expand_section:465 | expand_section completed for 0000912057-97-019277_Item1: 0 nodes, 0 edges in 0.008s
2025-12-30 01:07:59.105 | WARNING  | api.graph:expand_node:92 | No data found for node: 0000912057-97-019277_Item1
2025-12-30 01:07:59.106 | INFO     | app:dispatch:50 | Response: GET /api/graph/AAPL/expand/0000912057-97-019277_Item1 | Status: 404 | Time: 0.013s
2025-12-30 01:07:59.966 | INFO     | app:dispatch:39 | Request: GET /api/graph/node/0000912057-97-019277_Item1 | Client: 127.0.0.1 | Query params: {'labels': 'Section'}
2025-12-30 01:07:59.967 | INFO     | api.graph:get_node_details:134 | Getting details for node 0000912057-97-019277_Item1 with labels: ['Section']
2025-12-30 01:07:59.980 | INFO     | services.neo4j_service:get_node_relationships:605 | get_node_relationships completed for 0000912057-97-019277_Item1: 1 incoming, 0 outgoing in 0.006s
2025-12-30 01:07:59.980 | INFO     | api.graph:get_node_details:171 | Node details retrieved for 0000912057-97-019277_Item1: 1 incoming, 0 outgoing relationships in 0.013s
2025-12-30 01:07:59.980 | INFO     | app:dispatch:50 | Response: GET /api/graph/node/0000912057-97-019277_Item1 | Status: 200 | Time: 0.015s
2025-12-30 01:08:00.174 | INFO     | app:dispatch:39 | Request: GET /api/graph/node/0000912057-97-019277_Item1 | Client: 127.0.0.1 | Query params: {'labels': 'Section'}
2025-12-30 01:08:00.175 | INFO     | api.graph:get_node_details:134 | Getting details for node 0000912057-97-019277_Item1 with labels: ['Section']
2025-12-30 01:08:00.183 | INFO     | services.neo4j_service:get_node_relationships:605 | get_node_relationships completed for 0000912057-97-019277_Item1: 1 incoming, 0 outgoing in 0.004s
2025-12-30 01:08:00.183 | INFO     | api.graph:get_node_details:171 | Node details retrieved for 0000912057-97-019277_Item1: 1 incoming, 0 outgoing relationships in 0.009s
2025-12-30 01:08:00.184 | INFO     | app:dispatch:50 | Response: GET /api/graph/node/0000912057-97-019277_Item1 | Status: 200 | Time: 0.010s
2025-12-30 01:08:05.011 | INFO     | app:dispatch:39 | Request: GET /api/graph/node/0000912057-97-019277_Item1 | Client: 127.0.0.1 | Query params: {'labels': 'Section'}
2025-12-30 01:08:05.012 | INFO     | api.graph:get_node_details:134 | Getting details for node 0000912057-97-019277_Item1 with labels: ['Section']
2025-12-30 01:08:05.023 | INFO     | services.neo4j_service:get_node_relationships:605 | get_node_relationships completed for 0000912057-97-019277_Item1: 1 incoming, 0 outgoing in 0.005s
2025-12-30 01:08:05.024 | INFO     | api.graph:get_node_details:171 | Node details retrieved for 0000912057-97-019277_Item1: 1 incoming, 0 outgoing relationships in 0.011s
2025-12-30 01:08:05.024 | INFO     | app:dispatch:50 | Response: GET /api/graph/node/0000912057-97-019277_Item1 | Status: 200 | Time: 0.013s
2025-12-30 01:08:16.675 | INFO     | app:dispatch:39 | Request: GET /api/graph/node/0000912057-97-019277_Item1 | Client: 127.0.0.1 | Query params: {'labels': 'Section'}
2025-12-30 01:08:16.676 | INFO     | api.graph:get_node_details:134 | Getting details for node 0000912057-97-019277_Item1 with labels: ['Section']
2025-12-30 01:08:16.686 | INFO     | services.neo4j_service:get_node_relationships:605 | get_node_relationships completed for 0000912057-97-019277_Item1: 1 incoming, 0 outgoing in 0.004s
2025-12-30 01:08:16.686 | INFO     | api.graph:get_node_details:171 | Node details retrieved for 0000912057-97-019277_Item1: 1 incoming, 0 outgoing relationships in 0.010s
2025-12-30 01:08:16.687 | INFO     | app:dispatch:50 | Response: GET /api/graph/node/0000912057-97-019277_Item1 | Status: 200 | Time: 0.012s
2025-12-30 01:08:16.924 | INFO     | app:dispatch:39 | Request: GET /api/graph/node/0000912057-97-019277_Item1 | Client: 127.0.0.1 | Query params: {'labels': 'Section'}
2025-12-30 01:08:16.925 | INFO     | api.graph:get_node_details:134 | Getting details for node 0000912057-97-019277_Item1 with labels: ['Section']
2025-12-30 01:08:16.937 | INFO     | services.neo4j_service:get_node_relationships:605 | get_node_relationships completed for 0000912057-97-019277_Item1: 1 incoming, 0 outgoing in 0.005s
2025-12-30 01:08:16.937 | INFO     | api.graph:get_node_details:171 | Node details retrieved for 0000912057-97-019277_Item1: 1 incoming, 0 outgoing relationships in 0.012s
2025-12-30 01:08:16.938 | INFO     | app:dispatch:50 | Response: GET /api/graph/node/0000912057-97-019277_Item1 | Status: 200 | Time: 0.014s
2025-12-30 01:08:17.567 | INFO     | app:dispatch:39 | Request: GET /api/graph/node/0001308179-25-000008 | Client: 127.0.0.1 | Query params: {'labels': 'Filing'}
2025-12-30 01:08:17.568 | INFO     | api.graph:get_node_details:134 | Getting details for node 0001308179-25-000008 with labels: ['Filing']
2025-12-30 01:08:17.580 | INFO     | services.neo4j_service:get_node_relationships:605 | get_node_relationships completed for 0001308179-25-000008: 0 incoming, 2 outgoing in 0.006s
2025-12-30 01:08:17.580 | INFO     | api.graph:get_node_details:171 | Node details retrieved for 0001308179-25-000008: 0 incoming, 2 outgoing relationships in 0.012s
2025-12-30 01:08:17.581 | INFO     | app:dispatch:50 | Response: GET /api/graph/node/0001308179-25-000008 | Status: 200 | Time: 0.014s
2025-12-30 01:08:18.072 | INFO     | app:dispatch:39 | Request: GET /api/graph/node/0001308179-25-000008 | Client: 127.0.0.1 | Query params: {'labels': 'Filing'}
2025-12-30 01:08:18.073 | INFO     | api.graph:get_node_details:134 | Getting details for node 0001308179-25-000008 with labels: ['Filing']
2025-12-30 01:08:18.085 | INFO     | services.neo4j_service:get_node_relationships:605 | get_node_relationships completed for 0001308179-25-000008: 0 incoming, 2 outgoing in 0.004s
2025-12-30 01:08:18.086 | INFO     | api.graph:get_node_details:171 | Node details retrieved for 0001308179-25-000008: 0 incoming, 2 outgoing relationships in 0.013s
2025-12-30 01:08:18.087 | INFO     | app:dispatch:50 | Response: GET /api/graph/node/0001308179-25-000008 | Status: 200 | Time: 0.015s
2025-12-30 01:08:18.326 | INFO     | app:dispatch:39 | Request: GET /api/graph/node/0001308179-25-000008 | Client: 127.0.0.1 | Query params: {'labels': 'Filing'}
2025-12-30 01:08:18.327 | INFO     | api.graph:get_node_details:134 | Getting details for node 0001308179-25-000008 with labels: ['Filing']
2025-12-30 01:08:18.336 | INFO     | services.neo4j_service:get_node_relationships:605 | get_node_relationships completed for 0001308179-25-000008: 0 incoming, 2 outgoing in 0.003s
2025-12-30 01:08:18.337 | INFO     | api.graph:get_node_details:171 | Node details retrieved for 0001308179-25-000008: 0 incoming, 2 outgoing relationships in 0.010s
2025-12-30 01:08:18.337 | INFO     | app:dispatch:39 | Request: GET /api/graph/AAPL/expand/0001308179-25-000008 | Client: 127.0.0.1 | Query params: {'node_type': 'filing'}
2025-12-30 01:08:18.338 | INFO     | app:dispatch:50 | Response: GET /api/graph/node/0001308179-25-000008 | Status: 200 | Time: 0.012s
2025-12-30 01:08:18.338 | INFO     | api.graph:expand_node:78 | Expanding node 0001308179-25-000008 (type: filing) for ticker: AAPL
2025-12-30 01:08:18.342 | INFO     | services.neo4j_service:expand_filing:401 | expand_filing completed for 0001308179-25-000008: 2 nodes, 1 edges in 0.004s
2025-12-30 01:08:18.342 | INFO     | api.graph:expand_node:100 | Node 0001308179-25-000008 expanded: 2 nodes, 1 edges in 0.004s
2025-12-30 01:08:18.343 | INFO     | app:dispatch:50 | Response: GET /api/graph/AAPL/expand/0001308179-25-000008 | Status: 200 | Time: 0.005s
2025-12-30 01:08:30.441 | INFO     | app:dispatch:39 | Request: GET /api/graph/node/0000320193-25-000073 | Client: 127.0.0.1 | Query params: {'labels': 'Filing'}
2025-12-30 01:08:30.443 | INFO     | api.graph:get_node_details:134 | Getting details for node 0000320193-25-000073 with labels: ['Filing']
2025-12-30 01:08:30.454 | INFO     | services.neo4j_service:get_node_relationships:605 | get_node_relationships completed for 0000320193-25-000073: 0 incoming, 8 outgoing in 0.007s
2025-12-30 01:08:30.454 | INFO     | api.graph:get_node_details:171 | Node details retrieved for 0000320193-25-000073: 0 incoming, 8 outgoing relationships in 0.012s
2025-12-30 01:08:30.454 | INFO     | app:dispatch:50 | Response: GET /api/graph/node/0000320193-25-000073 | Status: 200 | Time: 0.013s
2025-12-30 01:08:30.634 | INFO     | app:dispatch:39 | Request: GET /api/graph/node/0000320193-25-000073 | Client: 127.0.0.1 | Query params: {'labels': 'Filing'}
2025-12-30 01:08:30.635 | INFO     | api.graph:get_node_details:134 | Getting details for node 0000320193-25-000073 with labels: ['Filing']
2025-12-30 01:08:30.648 | INFO     | services.neo4j_service:get_node_relationships:605 | get_node_relationships completed for 0000320193-25-000073: 0 incoming, 8 outgoing in 0.006s
2025-12-30 01:08:30.648 | INFO     | api.graph:get_node_details:171 | Node details retrieved for 0000320193-25-000073: 0 incoming, 8 outgoing relationships in 0.013s
2025-12-30 01:08:30.649 | INFO     | app:dispatch:39 | Request: GET /api/graph/AAPL/expand/0000320193-25-000073 | Client: 127.0.0.1 | Query params: {'node_type': 'filing'}
2025-12-30 01:08:30.649 | INFO     | app:dispatch:50 | Response: GET /api/graph/node/0000320193-25-000073 | Status: 200 | Time: 0.015s
2025-12-30 01:08:30.649 | INFO     | api.graph:expand_node:78 | Expanding node 0000320193-25-000073 (type: filing) for ticker: AAPL
2025-12-30 01:08:30.654 | INFO     | services.neo4j_service:expand_filing:401 | expand_filing completed for 0000320193-25-000073: 8 nodes, 7 edges in 0.005s
2025-12-30 01:08:30.654 | INFO     | api.graph:expand_node:100 | Node 0000320193-25-000073 expanded: 8 nodes, 7 edges in 0.005s
2025-12-30 01:08:30.655 | INFO     | app:dispatch:50 | Response: GET /api/graph/AAPL/expand/0000320193-25-000073 | Status: 200 | Time: 0.006s
2025-12-30 01:08:33.532 | INFO     | app:dispatch:39 | Request: GET /api/graph/AAPL/expand/0000320193-25-000073_Itemdocument | Client: 127.0.0.1 | Query params: {'node_type': 'section'}
2025-12-30 01:08:33.534 | INFO     | api.graph:expand_node:78 | Expanding node 0000320193-25-000073_Itemdocument (type: section) for ticker: AAPL
2025-12-30 01:08:33.557 | INFO     | services.neo4j_service:expand_section:465 | expand_section completed for 0000320193-25-000073_Itemdocument: 11 nodes, 10 edges in 0.022s
2025-12-30 01:08:33.557 | INFO     | api.graph:expand_node:100 | Node 0000320193-25-000073_Itemdocument expanded: 11 nodes, 10 edges in 0.023s
2025-12-30 01:08:33.562 | INFO     | app:dispatch:50 | Response: GET /api/graph/AAPL/expand/0000320193-25-000073_Itemdocument | Status: 200 | Time: 0.030s
2025-12-30 01:08:33.714 | INFO     | app:dispatch:39 | Request: GET /api/graph/AAPL/expand/0000320193-25-000073_Itemdocument | Client: 127.0.0.1 | Query params: {'node_type': 'section'}
2025-12-30 01:08:33.716 | INFO     | api.graph:expand_node:78 | Expanding node 0000320193-25-000073_Itemdocument (type: section) for ticker: AAPL
2025-12-30 01:08:33.738 | INFO     | services.neo4j_service:expand_section:465 | expand_section completed for 0000320193-25-000073_Itemdocument: 11 nodes, 10 edges in 0.022s
2025-12-30 01:08:33.739 | INFO     | api.graph:expand_node:100 | Node 0000320193-25-000073_Itemdocument expanded: 11 nodes, 10 edges in 0.023s
2025-12-30 01:08:33.745 | INFO     | app:dispatch:50 | Response: GET /api/graph/AAPL/expand/0000320193-25-000073_Itemdocument | Status: 200 | Time: 0.031s
2025-12-30 01:08:41.255 | INFO     | app:dispatch:39 | Request: GET /api/graph/node/0000320193-25-000073_Itemdocument_chunk_1 | Client: 127.0.0.1 | Query params: {'labels': 'Chunk'}
2025-12-30 01:08:41.255 | INFO     | api.graph:get_node_details:134 | Getting details for node 0000320193-25-000073_Itemdocument_chunk_1 with labels: ['Chunk']
2025-12-30 01:08:41.267 | INFO     | services.neo4j_service:get_node_relationships:605 | get_node_relationships completed for 0000320193-25-000073_Itemdocument_chunk_1: 0 incoming, 0 outgoing in 0.004s
2025-12-30 01:08:41.268 | INFO     | api.graph:get_node_details:171 | Node details retrieved for 0000320193-25-000073_Itemdocument_chunk_1: 0 incoming, 0 outgoing relationships in 0.012s
2025-12-30 01:08:41.268 | INFO     | app:dispatch:50 | Response: GET /api/graph/node/0000320193-25-000073_Itemdocument_chunk_1 | Status: 200 | Time: 0.014s
2025-12-30 01:08:43.978 | INFO     | app:dispatch:39 | Request: GET /api/graph/node/0000320193-25-000073_Itemcash_flow_statement | Client: 127.0.0.1 | Query params: {'labels': 'PeriodicReportSection,Section'}
2025-12-30 01:08:43.979 | INFO     | api.graph:get_node_details:134 | Getting details for node 0000320193-25-000073_Itemcash_flow_statement with labels: ['PeriodicReportSection', 'Section']
2025-12-30 01:08:43.989 | INFO     | services.neo4j_service:get_node_relationships:605 | get_node_relationships completed for 0000320193-25-000073_Itemcash_flow_statement: 1 incoming, 0 outgoing in 0.005s
2025-12-30 01:08:43.990 | INFO     | api.graph:get_node_details:171 | Node details retrieved for 0000320193-25-000073_Itemcash_flow_statement: 1 incoming, 0 outgoing relationships in 0.011s
2025-12-30 01:08:43.990 | INFO     | app:dispatch:50 | Response: GET /api/graph/node/0000320193-25-000073_Itemcash_flow_statement | Status: 200 | Time: 0.012s
2025-12-30 01:08:44.179 | INFO     | app:dispatch:39 | Request: GET /api/graph/node/0000320193-25-000073_Itemcash_flow_statement | Client: 127.0.0.1 | Query params: {'labels': 'PeriodicReportSection,Section'}
2025-12-30 01:08:44.180 | INFO     | api.graph:get_node_details:134 | Getting details for node 0000320193-25-000073_Itemcash_flow_statement with labels: ['PeriodicReportSection', 'Section']
2025-12-30 01:08:44.190 | INFO     | services.neo4j_service:get_node_relationships:605 | get_node_relationships completed for 0000320193-25-000073_Itemcash_flow_statement: 1 incoming, 0 outgoing in 0.005s
2025-12-30 01:08:44.191 | INFO     | api.graph:get_node_details:171 | Node details retrieved for 0000320193-25-000073_Itemcash_flow_statement: 1 incoming, 0 outgoing relationships in 0.011s
2025-12-30 01:08:44.192 | INFO     | app:dispatch:39 | Request: GET /api/graph/AAPL/expand/0000320193-25-000073_Itemcash_flow_statement | Client: 127.0.0.1 | Query params: {'node_type': 'section'}
2025-12-30 01:08:44.192 | INFO     | app:dispatch:50 | Response: GET /api/graph/node/0000320193-25-000073_Itemcash_flow_statement | Status: 200 | Time: 0.013s
2025-12-30 01:08:44.193 | INFO     | api.graph:expand_node:78 | Expanding node 0000320193-25-000073_Itemcash_flow_statement (type: section) for ticker: AAPL
2025-12-30 01:08:44.197 | INFO     | services.neo4j_service:expand_section:465 | expand_section completed for 0000320193-25-000073_Itemcash_flow_statement: 2 nodes, 1 edges in 0.005s
2025-12-30 01:08:44.198 | INFO     | api.graph:expand_node:100 | Node 0000320193-25-000073_Itemcash_flow_statement expanded: 2 nodes, 1 edges in 0.005s
2025-12-30 01:08:44.198 | INFO     | app:dispatch:50 | Response: GET /api/graph/AAPL/expand/0000320193-25-000073_Itemcash_flow_statement | Status: 200 | Time: 0.007s
2025-12-30 01:08:47.972 | INFO     | app:dispatch:39 | Request: GET /api/graph/node/0000320193-25-000073_Itemcash_flow_statement_chunk_0 | Client: 127.0.0.1 | Query params: {'labels': 'Chunk'}
2025-12-30 01:08:47.973 | INFO     | api.graph:get_node_details:134 | Getting details for node 0000320193-25-000073_Itemcash_flow_statement_chunk_0 with labels: ['Chunk']
2025-12-30 01:08:47.985 | INFO     | services.neo4j_service:get_node_relationships:605 | get_node_relationships completed for 0000320193-25-000073_Itemcash_flow_statement_chunk_0: 0 incoming, 0 outgoing in 0.003s
2025-12-30 01:08:47.985 | INFO     | api.graph:get_node_details:171 | Node details retrieved for 0000320193-25-000073_Itemcash_flow_statement_chunk_0: 0 incoming, 0 outgoing relationships in 0.012s
2025-12-30 01:08:47.987 | INFO     | app:dispatch:50 | Response: GET /api/graph/node/0000320193-25-000073_Itemcash_flow_statement_chunk_0 | Status: 200 | Time: 0.015s
2025-12-30 01:08:53.296 | INFO     | app:dispatch:39 | Request: GET /api/graph/node/0000320193-24-000102 | Client: 127.0.0.1 | Query params: {'labels': 'Filing'}
2025-12-30 01:08:53.297 | INFO     | api.graph:get_node_details:134 | Getting details for node 0000320193-24-000102 with labels: ['Filing']
2025-12-30 01:08:53.309 | INFO     | services.neo4j_service:get_node_relationships:605 | get_node_relationships completed for 0000320193-24-000102: 0 incoming, 2 outgoing in 0.005s
2025-12-30 01:08:53.309 | INFO     | api.graph:get_node_details:171 | Node details retrieved for 0000320193-24-000102: 0 incoming, 2 outgoing relationships in 0.012s
2025-12-30 01:08:53.309 | INFO     | app:dispatch:50 | Response: GET /api/graph/node/0000320193-24-000102 | Status: 200 | Time: 0.013s
2025-12-30 01:08:53.490 | INFO     | app:dispatch:39 | Request: GET /api/graph/node/0000320193-24-000102 | Client: 127.0.0.1 | Query params: {'labels': 'Filing'}
2025-12-30 01:08:53.492 | INFO     | api.graph:get_node_details:134 | Getting details for node 0000320193-24-000102 with labels: ['Filing']
2025-12-30 01:08:53.501 | INFO     | services.neo4j_service:get_node_relationships:605 | get_node_relationships completed for 0000320193-24-000102: 0 incoming, 2 outgoing in 0.005s
2025-12-30 01:08:53.501 | INFO     | api.graph:get_node_details:171 | Node details retrieved for 0000320193-24-000102: 0 incoming, 2 outgoing relationships in 0.010s
2025-12-30 01:08:53.502 | INFO     | app:dispatch:39 | Request: GET /api/graph/AAPL/expand/0000320193-24-000102 | Client: 127.0.0.1 | Query params: {'node_type': 'filing'}
2025-12-30 01:08:53.503 | INFO     | app:dispatch:50 | Response: GET /api/graph/node/0000320193-24-000102 | Status: 200 | Time: 0.013s
2025-12-30 01:08:53.504 | INFO     | api.graph:expand_node:78 | Expanding node 0000320193-24-000102 (type: filing) for ticker: AAPL
2025-12-30 01:08:53.507 | INFO     | services.neo4j_service:expand_filing:401 | expand_filing completed for 0000320193-24-000102: 2 nodes, 1 edges in 0.003s
2025-12-30 01:08:53.507 | INFO     | api.graph:expand_node:100 | Node 0000320193-24-000102 expanded: 2 nodes, 1 edges in 0.004s
2025-12-30 01:08:53.508 | INFO     | app:dispatch:50 | Response: GET /api/graph/AAPL/expand/0000320193-24-000102 | Status: 200 | Time: 0.006s
2025-12-30 01:08:57.159 | INFO     | app:dispatch:39 | Request: GET /api/graph/node/0000320193-24-000102_Item1 | Client: 127.0.0.1 | Query params: {'labels': 'Section'}
2025-12-30 01:08:57.161 | INFO     | api.graph:get_node_details:134 | Getting details for node 0000320193-24-000102_Item1 with labels: ['Section']
2025-12-30 01:08:57.171 | INFO     | services.neo4j_service:get_node_relationships:605 | get_node_relationships completed for 0000320193-24-000102_Item1: 1 incoming, 0 outgoing in 0.004s
2025-12-30 01:08:57.171 | INFO     | api.graph:get_node_details:171 | Node details retrieved for 0000320193-24-000102_Item1: 1 incoming, 0 outgoing relationships in 0.010s
2025-12-30 01:08:57.172 | INFO     | app:dispatch:50 | Response: GET /api/graph/node/0000320193-24-000102_Item1 | Status: 200 | Time: 0.013s
2025-12-30 01:08:57.312 | INFO     | app:dispatch:39 | Request: GET /api/graph/node/0000320193-24-000102_Item1 | Client: 127.0.0.1 | Query params: {'labels': 'Section'}
2025-12-30 01:08:57.312 | INFO     | api.graph:get_node_details:134 | Getting details for node 0000320193-24-000102_Item1 with labels: ['Section']
2025-12-30 01:08:57.319 | INFO     | services.neo4j_service:get_node_relationships:605 | get_node_relationships completed for 0000320193-24-000102_Item1: 1 incoming, 0 outgoing in 0.003s
2025-12-30 01:08:57.319 | INFO     | api.graph:get_node_details:171 | Node details retrieved for 0000320193-24-000102_Item1: 1 incoming, 0 outgoing relationships in 0.007s
2025-12-30 01:08:57.319 | INFO     | app:dispatch:39 | Request: GET /api/graph/AAPL/expand/0000320193-24-000102_Item1 | Client: 127.0.0.1 | Query params: {'node_type': 'section'}
2025-12-30 01:08:57.320 | INFO     | api.graph:expand_node:78 | Expanding node 0000320193-24-000102_Item1 (type: section) for ticker: AAPL
2025-12-30 01:08:57.330 | INFO     | services.neo4j_service:expand_section:465 | expand_section completed for 0000320193-24-000102_Item1: 0 nodes, 0 edges in 0.010s
2025-12-30 01:08:57.330 | WARNING  | api.graph:expand_node:92 | No data found for node: 0000320193-24-000102_Item1
2025-12-30 01:08:57.330 | INFO     | app:dispatch:50 | Response: GET /api/graph/node/0000320193-24-000102_Item1 | Status: 200 | Time: 0.018s
2025-12-30 01:08:57.331 | INFO     | app:dispatch:50 | Response: GET /api/graph/AAPL/expand/0000320193-24-000102_Item1 | Status: 404 | Time: 0.011s
2025-12-30 01:08:58.247 | INFO     | app:dispatch:39 | Request: GET /api/graph/AAPL/expand/0000320193-24-000102_Item1 | Client: 127.0.0.1 | Query params: {'node_type': 'section'}
2025-12-30 01:08:58.248 | INFO     | api.graph:expand_node:78 | Expanding node 0000320193-24-000102_Item1 (type: section) for ticker: AAPL
2025-12-30 01:08:58.257 | INFO     | services.neo4j_service:expand_section:465 | expand_section completed for 0000320193-24-000102_Item1: 0 nodes, 0 edges in 0.008s
2025-12-30 01:08:58.258 | WARNING  | api.graph:expand_node:92 | No data found for node: 0000320193-24-000102_Item1
2025-12-30 01:08:58.259 | INFO     | app:dispatch:50 | Response: GET /api/graph/AAPL/expand/0000320193-24-000102_Item1 | Status: 404 | Time: 0.012s
2025-12-30 01:08:58.854 | INFO     | app:dispatch:39 | Request: GET /api/graph/AAPL/expand/0000320193-24-000102_Item1 | Client: 127.0.0.1 | Query params: {'node_type': 'section'}
2025-12-30 01:08:58.855 | INFO     | api.graph:expand_node:78 | Expanding node 0000320193-24-000102_Item1 (type: section) for ticker: AAPL
2025-12-30 01:08:58.863 | INFO     | services.neo4j_service:expand_section:465 | expand_section completed for 0000320193-24-000102_Item1: 0 nodes, 0 edges in 0.007s
2025-12-30 01:08:58.863 | WARNING  | api.graph:expand_node:92 | No data found for node: 0000320193-24-000102_Item1
2025-12-30 01:08:58.864 | INFO     | app:dispatch:50 | Response: GET /api/graph/AAPL/expand/0000320193-24-000102_Item1 | Status: 404 | Time: 0.010s
2025-12-30 01:08:59.214 | INFO     | app:dispatch:39 | Request: GET /api/graph/AAPL/expand/0000320193-24-000102_Item1 | Client: 127.0.0.1 | Query params: {'node_type': 'section'}
2025-12-30 01:08:59.216 | INFO     | api.graph:expand_node:78 | Expanding node 0000320193-24-000102_Item1 (type: section) for ticker: AAPL
2025-12-30 01:08:59.223 | INFO     | services.neo4j_service:expand_section:465 | expand_section completed for 0000320193-24-000102_Item1: 0 nodes, 0 edges in 0.007s
2025-12-30 01:08:59.224 | WARNING  | api.graph:expand_node:92 | No data found for node: 0000320193-24-000102_Item1
2025-12-30 01:08:59.224 | INFO     | app:dispatch:50 | Response: GET /api/graph/AAPL/expand/0000320193-24-000102_Item1 | Status: 404 | Time: 0.011s
2025-12-30 01:08:59.539 | INFO     | app:dispatch:39 | Request: GET /api/graph/node/0000320193-24-000102_Item1 | Client: 127.0.0.1 | Query params: {'labels': 'Section'}
2025-12-30 01:08:59.541 | INFO     | api.graph:get_node_details:134 | Getting details for node 0000320193-24-000102_Item1 with labels: ['Section']
2025-12-30 01:08:59.550 | INFO     | services.neo4j_service:get_node_relationships:605 | get_node_relationships completed for 0000320193-24-000102_Item1: 1 incoming, 0 outgoing in 0.005s
2025-12-30 01:08:59.550 | INFO     | api.graph:get_node_details:171 | Node details retrieved for 0000320193-24-000102_Item1: 1 incoming, 0 outgoing relationships in 0.010s
2025-12-30 01:08:59.551 | INFO     | app:dispatch:50 | Response: GET /api/graph/node/0000320193-24-000102_Item1 | Status: 200 | Time: 0.012s
2025-12-30 01:08:59.727 | INFO     | app:dispatch:39 | Request: GET /api/graph/node/0000320193-24-000102_Item1 | Client: 127.0.0.1 | Query params: {'labels': 'Section'}
2025-12-30 01:08:59.729 | INFO     | api.graph:get_node_details:134 | Getting details for node 0000320193-24-000102_Item1 with labels: ['Section']
2025-12-30 01:08:59.738 | INFO     | services.neo4j_service:get_node_relationships:605 | get_node_relationships completed for 0000320193-24-000102_Item1: 1 incoming, 0 outgoing in 0.004s
2025-12-30 01:08:59.738 | INFO     | api.graph:get_node_details:171 | Node details retrieved for 0000320193-24-000102_Item1: 1 incoming, 0 outgoing relationships in 0.009s
2025-12-30 01:08:59.739 | INFO     | app:dispatch:50 | Response: GET /api/graph/node/0000320193-24-000102_Item1 | Status: 200 | Time: 0.012s
2025-12-30 01:10:13.983 | INFO     | app:dispatch:39 | Request: GET /api/graph/node/0000932471-25-000778 | Client: 127.0.0.1 | Query params: {'labels': 'Filing'}
2025-12-30 01:10:13.984 | INFO     | api.graph:get_node_details:134 | Getting details for node 0000932471-25-000778 with labels: ['Filing']
2025-12-30 01:10:13.998 | INFO     | services.neo4j_service:get_node_relationships:605 | get_node_relationships completed for 0000932471-25-000778: 0 incoming, 2 outgoing in 0.007s
2025-12-30 01:10:13.998 | INFO     | api.graph:get_node_details:171 | Node details retrieved for 0000932471-25-000778: 0 incoming, 2 outgoing relationships in 0.014s
2025-12-30 01:10:13.998 | INFO     | app:dispatch:50 | Response: GET /api/graph/node/0000932471-25-000778 | Status: 200 | Time: 0.015s
2025-12-30 01:10:15.376 | INFO     | app:dispatch:39 | Request: GET /api/graph/node/0001950047-25-008030 | Client: 127.0.0.1 | Query params: {'labels': 'Filing'}
2025-12-30 01:10:15.377 | INFO     | api.graph:get_node_details:134 | Getting details for node 0001950047-25-008030 with labels: ['Filing']
2025-12-30 01:10:15.385 | INFO     | services.neo4j_service:get_node_relationships:605 | get_node_relationships completed for 0001950047-25-008030: 0 incoming, 2 outgoing in 0.004s
2025-12-30 01:10:15.385 | INFO     | api.graph:get_node_details:171 | Node details retrieved for 0001950047-25-008030: 0 incoming, 2 outgoing relationships in 0.008s
2025-12-30 01:10:15.386 | INFO     | app:dispatch:50 | Response: GET /api/graph/node/0001950047-25-008030 | Status: 200 | Time: 0.010s
2025-12-30 01:10:16.339 | INFO     | app:dispatch:39 | Request: GET /api/graph/node/0001462356-25-000012 | Client: 127.0.0.1 | Query params: {'labels': 'Filing'}
2025-12-30 01:10:16.340 | INFO     | api.graph:get_node_details:134 | Getting details for node 0001462356-25-000012 with labels: ['Filing']
2025-12-30 01:10:16.352 | INFO     | services.neo4j_service:get_node_relationships:605 | get_node_relationships completed for 0001462356-25-000012: 0 incoming, 2 outgoing in 0.004s
2025-12-30 01:10:16.353 | INFO     | api.graph:get_node_details:171 | Node details retrieved for 0001462356-25-000012: 0 incoming, 2 outgoing relationships in 0.013s
2025-12-30 01:10:16.353 | INFO     | app:dispatch:50 | Response: GET /api/graph/node/0001462356-25-000012 | Status: 200 | Time: 0.014s
2025-12-30 01:10:16.694 | INFO     | app:dispatch:39 | Request: GET /api/graph/node/0001462356-25-000012 | Client: 127.0.0.1 | Query params: {'labels': 'Filing'}
2025-12-30 01:10:16.696 | INFO     | api.graph:get_node_details:134 | Getting details for node 0001462356-25-000012 with labels: ['Filing']
2025-12-30 01:10:16.708 | INFO     | services.neo4j_service:get_node_relationships:605 | get_node_relationships completed for 0001462356-25-000012: 0 incoming, 2 outgoing in 0.006s
2025-12-30 01:10:16.708 | INFO     | api.graph:get_node_details:171 | Node details retrieved for 0001462356-25-000012: 0 incoming, 2 outgoing relationships in 0.013s
2025-12-30 01:10:16.709 | INFO     | app:dispatch:50 | Response: GET /api/graph/node/0001462356-25-000012 | Status: 200 | Time: 0.016s
2025-12-30 01:10:17.567 | INFO     | app:dispatch:39 | Request: GET /api/graph/node/0000320193-25-000066 | Client: 127.0.0.1 | Query params: {'labels': 'Filing'}
2025-12-30 01:10:17.568 | INFO     | api.graph:get_node_details:134 | Getting details for node 0000320193-25-000066 with labels: ['Filing']
2025-12-30 01:10:17.578 | INFO     | services.neo4j_service:get_node_relationships:605 | get_node_relationships completed for 0000320193-25-000066: 0 incoming, 2 outgoing in 0.004s
2025-12-30 01:10:17.578 | INFO     | api.graph:get_node_details:171 | Node details retrieved for 0000320193-25-000066: 0 incoming, 2 outgoing relationships in 0.010s
2025-12-30 01:10:17.579 | INFO     | app:dispatch:50 | Response: GET /api/graph/node/0000320193-25-000066 | Status: 200 | Time: 0.012s
2025-12-30 01:10:21.879 | INFO     | app:dispatch:39 | Request: GET /api/graph/node/0001308179-25-000008 | Client: 127.0.0.1 | Query params: {'labels': 'Filing'}
2025-12-30 01:10:21.881 | INFO     | api.graph:get_node_details:134 | Getting details for node 0001308179-25-000008 with labels: ['Filing']
2025-12-30 01:10:21.889 | INFO     | services.neo4j_service:get_node_relationships:605 | get_node_relationships completed for 0001308179-25-000008: 0 incoming, 2 outgoing in 0.004s
2025-12-30 01:10:21.889 | INFO     | api.graph:get_node_details:171 | Node details retrieved for 0001308179-25-000008: 0 incoming, 2 outgoing relationships in 0.008s
2025-12-30 01:10:21.890 | INFO     | app:dispatch:50 | Response: GET /api/graph/node/0001308179-25-000008 | Status: 200 | Time: 0.010s
2025-12-30 01:10:29.051 | INFO     | app:dispatch:39 | Request: GET /api/graph/AAPL/expand/0001308179-25-000008_Item1 | Client: 127.0.0.1 | Query params: {'node_type': 'section'}
2025-12-30 01:10:29.052 | INFO     | api.graph:expand_node:78 | Expanding node 0001308179-25-000008_Item1 (type: section) for ticker: AAPL
2025-12-30 01:10:29.057 | INFO     | services.neo4j_service:expand_section:465 | expand_section completed for 0001308179-25-000008_Item1: 0 nodes, 0 edges in 0.005s
2025-12-30 01:10:29.057 | WARNING  | api.graph:expand_node:92 | No data found for node: 0001308179-25-000008_Item1
2025-12-30 01:10:29.058 | INFO     | app:dispatch:50 | Response: GET /api/graph/AAPL/expand/0001308179-25-000008_Item1 | Status: 404 | Time: 0.007s
2025-12-30 01:10:29.243 | INFO     | app:dispatch:39 | Request: GET /api/graph/AAPL/expand/0001308179-25-000008_Item1 | Client: 127.0.0.1 | Query params: {'node_type': 'section'}
2025-12-30 01:10:29.244 | INFO     | api.graph:expand_node:78 | Expanding node 0001308179-25-000008_Item1 (type: section) for ticker: AAPL
2025-12-30 01:10:29.250 | INFO     | services.neo4j_service:expand_section:465 | expand_section completed for 0001308179-25-000008_Item1: 0 nodes, 0 edges in 0.005s
2025-12-30 01:10:29.250 | WARNING  | api.graph:expand_node:92 | No data found for node: 0001308179-25-000008_Item1
2025-12-30 01:10:29.251 | INFO     | app:dispatch:50 | Response: GET /api/graph/AAPL/expand/0001308179-25-000008_Item1 | Status: 404 | Time: 0.008s
2025-12-30 01:10:29.688 | INFO     | app:dispatch:39 | Request: GET /api/graph/node/0001308179-25-000008_Item1 | Client: 127.0.0.1 | Query params: {'labels': 'ProxySection,Section'}
2025-12-30 01:10:29.689 | INFO     | api.graph:get_node_details:134 | Getting details for node 0001308179-25-000008_Item1 with labels: ['ProxySection', 'Section']
2025-12-30 01:10:29.700 | INFO     | services.neo4j_service:get_node_relationships:605 | get_node_relationships completed for 0001308179-25-000008_Item1: 1 incoming, 0 outgoing in 0.004s
2025-12-30 01:10:29.701 | INFO     | api.graph:get_node_details:171 | Node details retrieved for 0001308179-25-000008_Item1: 1 incoming, 0 outgoing relationships in 0.011s
2025-12-30 01:10:29.701 | INFO     | app:dispatch:50 | Response: GET /api/graph/node/0001308179-25-000008_Item1 | Status: 200 | Time: 0.013s
2025-12-30 01:10:29.869 | INFO     | app:dispatch:39 | Request: GET /api/graph/AAPL/expand/0001308179-25-000008_Item1 | Client: 127.0.0.1 | Query params: {'node_type': 'section'}
2025-12-30 01:10:29.870 | INFO     | api.graph:expand_node:78 | Expanding node 0001308179-25-000008_Item1 (type: section) for ticker: AAPL
2025-12-30 01:10:29.876 | INFO     | services.neo4j_service:expand_section:465 | expand_section completed for 0001308179-25-000008_Item1: 0 nodes, 0 edges in 0.005s
2025-12-30 01:10:29.876 | WARNING  | api.graph:expand_node:92 | No data found for node: 0001308179-25-000008_Item1
2025-12-30 01:10:29.877 | INFO     | app:dispatch:50 | Response: GET /api/graph/AAPL/expand/0001308179-25-000008_Item1 | Status: 404 | Time: 0.008s
2025-12-30 01:10:30.890 | INFO     | app:dispatch:39 | Request: GET /api/graph/node/0000912057-97-019277_Item1 | Client: 127.0.0.1 | Query params: {'labels': 'Section'}
2025-12-30 01:10:30.891 | INFO     | api.graph:get_node_details:134 | Getting details for node 0000912057-97-019277_Item1 with labels: ['Section']
2025-12-30 01:10:30.900 | INFO     | services.neo4j_service:get_node_relationships:605 | get_node_relationships completed for 0000912057-97-019277_Item1: 1 incoming, 0 outgoing in 0.003s
2025-12-30 01:10:30.900 | INFO     | api.graph:get_node_details:171 | Node details retrieved for 0000912057-97-019277_Item1: 1 incoming, 0 outgoing relationships in 0.009s
2025-12-30 01:10:30.901 | INFO     | app:dispatch:50 | Response: GET /api/graph/node/0000912057-97-019277_Item1 | Status: 200 | Time: 0.011s
2025-12-30 01:10:31.304 | INFO     | app:dispatch:39 | Request: GET /api/graph/node/0000912057-97-019277_Item1 | Client: 127.0.0.1 | Query params: {'labels': 'Section'}
2025-12-30 01:10:31.306 | INFO     | api.graph:get_node_details:134 | Getting details for node 0000912057-97-019277_Item1 with labels: ['Section']
2025-12-30 01:10:31.315 | INFO     | services.neo4j_service:get_node_relationships:605 | get_node_relationships completed for 0000912057-97-019277_Item1: 1 incoming, 0 outgoing in 0.005s
2025-12-30 01:10:31.316 | INFO     | api.graph:get_node_details:171 | Node details retrieved for 0000912057-97-019277_Item1: 1 incoming, 0 outgoing relationships in 0.010s
2025-12-30 01:10:31.316 | INFO     | app:dispatch:50 | Response: GET /api/graph/node/0000912057-97-019277_Item1 | Status: 200 | Time: 0.013s
2025-12-30 01:10:31.481 | INFO     | app:dispatch:39 | Request: GET /api/graph/node/0000912057-97-019277_Item1 | Client: 127.0.0.1 | Query params: {'labels': 'Section'}
2025-12-30 01:10:31.483 | INFO     | api.graph:get_node_details:134 | Getting details for node 0000912057-97-019277_Item1 with labels: ['Section']
2025-12-30 01:10:31.492 | INFO     | services.neo4j_service:get_node_relationships:605 | get_node_relationships completed for 0000912057-97-019277_Item1: 1 incoming, 0 outgoing in 0.005s
2025-12-30 01:10:31.492 | INFO     | api.graph:get_node_details:171 | Node details retrieved for 0000912057-97-019277_Item1: 1 incoming, 0 outgoing relationships in 0.009s
2025-12-30 01:10:31.493 | INFO     | app:dispatch:50 | Response: GET /api/graph/node/0000912057-97-019277_Item1 | Status: 200 | Time: 0.011s
2025-12-30 01:10:34.863 | INFO     | app:dispatch:39 | Request: GET /api/graph/node/0000912057-97-019277 | Client: 127.0.0.1 | Query params: {'labels': 'Filing'}
2025-12-30 01:10:34.864 | INFO     | api.graph:get_node_details:134 | Getting details for node 0000912057-97-019277 with labels: ['Filing']
2025-12-30 01:10:34.875 | INFO     | services.neo4j_service:get_node_relationships:605 | get_node_relationships completed for 0000912057-97-019277: 0 incoming, 2 outgoing in 0.005s
2025-12-30 01:10:34.876 | INFO     | api.graph:get_node_details:171 | Node details retrieved for 0000912057-97-019277: 0 incoming, 2 outgoing relationships in 0.011s
2025-12-30 01:10:34.876 | INFO     | app:dispatch:50 | Response: GET /api/graph/node/0000912057-97-019277 | Status: 200 | Time: 0.013s
2025-12-30 01:10:37.775 | INFO     | app:dispatch:39 | Request: GET /api/graph/node/0000320193-25-000079 | Client: 127.0.0.1 | Query params: {'labels': 'Filing'}
2025-12-30 01:10:37.777 | INFO     | api.graph:get_node_details:134 | Getting details for node 0000320193-25-000079 with labels: ['Filing']
2025-12-30 01:10:37.789 | INFO     | services.neo4j_service:get_node_relationships:605 | get_node_relationships completed for 0000320193-25-000079: 0 incoming, 5 outgoing in 0.006s
2025-12-30 01:10:37.789 | INFO     | api.graph:get_node_details:171 | Node details retrieved for 0000320193-25-000079: 0 incoming, 5 outgoing relationships in 0.013s
2025-12-30 01:10:37.790 | INFO     | app:dispatch:50 | Response: GET /api/graph/node/0000320193-25-000079 | Status: 200 | Time: 0.015s
2025-12-30 01:10:37.937 | INFO     | app:dispatch:39 | Request: GET /api/graph/node/0000320193-25-000079 | Client: 127.0.0.1 | Query params: {'labels': 'Filing'}
2025-12-30 01:10:37.937 | INFO     | api.graph:get_node_details:134 | Getting details for node 0000320193-25-000079 with labels: ['Filing']
2025-12-30 01:10:37.947 | INFO     | services.neo4j_service:get_node_relationships:605 | get_node_relationships completed for 0000320193-25-000079: 0 incoming, 5 outgoing in 0.005s
2025-12-30 01:10:37.947 | INFO     | api.graph:get_node_details:171 | Node details retrieved for 0000320193-25-000079: 0 incoming, 5 outgoing relationships in 0.010s
2025-12-30 01:10:37.948 | INFO     | app:dispatch:39 | Request: GET /api/graph/AAPL/expand/0000320193-25-000079 | Client: 127.0.0.1 | Query params: {'node_type': 'filing'}
2025-12-30 01:10:37.948 | INFO     | app:dispatch:50 | Response: GET /api/graph/node/0000320193-25-000079 | Status: 200 | Time: 0.012s
2025-12-30 01:10:37.949 | INFO     | api.graph:expand_node:78 | Expanding node 0000320193-25-000079 (type: filing) for ticker: AAPL
2025-12-30 01:10:37.954 | INFO     | services.neo4j_service:expand_filing:401 | expand_filing completed for 0000320193-25-000079: 4 nodes, 3 edges in 0.005s
2025-12-30 01:10:37.954 | INFO     | api.graph:expand_node:100 | Node 0000320193-25-000079 expanded: 4 nodes, 3 edges in 0.005s
2025-12-30 01:10:37.954 | INFO     | app:dispatch:50 | Response: GET /api/graph/AAPL/expand/0000320193-25-000079 | Status: 200 | Time: 0.007s
2025-12-30 01:11:24.320 | INFO     | app:dispatch:39 | Request: GET /api/graph/node/0000320193-25-000079_Item7_chunk_0 | Client: 127.0.0.1 | Query params: {'labels': 'Chunk'}
2025-12-30 01:11:24.321 | INFO     | api.graph:get_node_details:134 | Getting details for node 0000320193-25-000079_Item7_chunk_0 with labels: ['Chunk']
2025-12-30 01:11:24.333 | INFO     | services.neo4j_service:get_node_relationships:605 | get_node_relationships completed for 0000320193-25-000079_Item7_chunk_0: 0 incoming, 0 outgoing in 0.005s
2025-12-30 01:11:24.334 | INFO     | api.graph:get_node_details:171 | Node details retrieved for 0000320193-25-000079_Item7_chunk_0: 0 incoming, 0 outgoing relationships in 0.013s
2025-12-30 01:11:24.334 | INFO     | app:dispatch:50 | Response: GET /api/graph/node/0000320193-25-000079_Item7_chunk_0 | Status: 200 | Time: 0.014s
2025-12-30 01:11:25.140 | INFO     | app:dispatch:39 | Request: GET /api/graph/node/0000320193-25-000079_Item7_chunk_0 | Client: 127.0.0.1 | Query params: {'labels': 'Chunk'}
2025-12-30 01:11:25.142 | INFO     | api.graph:get_node_details:134 | Getting details for node 0000320193-25-000079_Item7_chunk_0 with labels: ['Chunk']
2025-12-30 01:11:25.152 | INFO     | services.neo4j_service:get_node_relationships:605 | get_node_relationships completed for 0000320193-25-000079_Item7_chunk_0: 0 incoming, 0 outgoing in 0.003s
2025-12-30 01:11:25.153 | INFO     | api.graph:get_node_details:171 | Node details retrieved for 0000320193-25-000079_Item7_chunk_0: 0 incoming, 0 outgoing relationships in 0.011s
2025-12-30 01:11:25.154 | INFO     | app:dispatch:50 | Response: GET /api/graph/node/0000320193-25-000079_Item7_chunk_0 | Status: 200 | Time: 0.014s
