[Debug] [vite] connecting... (client, line 495)
[Debug] [vite] connected. (client, line 618)
[Log] [2025-12-30T09:22:03.678Z] [INFO] Logger initialized – {logLevel: "info", logToFile: true, sessionId: "session_1767086523678_ipr7ou65z", …} (logger.ts, line 67)
{logLevel: "info", logToFile: true, sessionId: "session_1767086523678_ipr7ou65z", fileSystemAccessAvailable: false}Object
[Log] [2025-12-30T09:22:03.783Z] [INFO] [App] App initialized – {apiBaseUrl: "http://localhost:8000", environment: "development"} (logger.ts, line 67)
[Log] [2025-12-30T09:22:03.783Z] [INFO] [App] App initialized – {apiBaseUrl: "http://localhost:8000", environment: "development"} (logger.ts, line 67)
[Log] [2025-12-30T09:22:08.228Z] [INFO] [AppHeader] Ticker submitted – {ticker: "AAPL"} (logger.ts, line 67)
[Log] [2025-12-30T09:22:08.228Z] [INFO] [App] Ticker submitted – {ticker: "AAPL"} (logger.ts, line 67)
[Log] [2025-12-30T09:22:08.229Z] [INFO] [useGraphData] Loading graph – {ticker: "AAPL"} (logger.ts, line 67)
[Log] [2025-12-30T09:22:08.377Z] [INFO] [useGraphData] Graph loaded – {nodeCount: 92, edgeCount: 91} (logger.ts, line 67)
[Log] [2025-12-30T09:22:08.404Z] [INFO] [App] Stats loaded – {company: Object, filings_count: 12, sections_count: 23, …} (logger.ts, line 67)
{company: Object, filings_count: 12, sections_count: 23, chunks_count: 56, financial_statements_count: 0}Object
[Log] [2025-12-30T09:22:18.142Z] [INFO] [App] Node expand/collapse toggled – {nodeId: "0000320193-24-000102", isExpanded: true} (logger.ts, line 67)
[Log] [2025-12-30T09:22:18.142Z] [INFO] [useGraphData] Expanding node (UI) – {nodeId: "0000320193-24-000102"} (logger.ts, line 67)
[Log] [2025-12-30T09:22:31.753Z] [INFO] [App] Node expand/collapse toggled – {nodeId: "0000320193-25-000066", isExpanded: true} (logger.ts, line 67)
[Log] [2025-12-30T09:22:31.753Z] [INFO] [useGraphData] Expanding node (UI) – {nodeId: "0000320193-25-000066"} (logger.ts, line 67)
[Log] [2025-12-30T09:22:32.853Z] [INFO] [App] Node expand/collapse toggled – {nodeId: "0000320193-25-000066", isExpanded: false} (logger.ts, line 67)
[Log] [2025-12-30T09:22:32.853Z] [INFO] [useGraphData] Collapsing node (UI) – {nodeId: "0000320193-25-000066"} (logger.ts, line 67)
[Log] [2025-12-30T09:22:33.162Z] [INFO] [App] Node expand/collapse toggled – {nodeId: "0000320193-25-000066", isExpanded: true} (logger.ts, line 67)
[Log] [2025-12-30T09:22:33.163Z] [INFO] [useGraphData] Expanding node (UI) – {nodeId: "0000320193-25-000066"} (logger.ts, line 67)
[Log] [2025-12-30T09:22:33.170Z] [INFO] [GraphCanvas] Node double-clicked (expand) – {nodeId: "0000320193-25-000066", expandType: "filing"} (logger.ts, line 67)
[Log] [2025-12-30T09:22:33.171Z] [INFO] [App] Node double-clicked (expand via API) – {nodeId: "0000320193-25-000066", nodeType: "filing"} (logger.ts, line 67)
[Log] [2025-12-30T09:22:33.732Z] [INFO] [App] Node expand/collapse toggled – {nodeId: "0000320193-25-000066", isExpanded: false} (logger.ts, line 67)
[Log] [2025-12-30T09:22:33.733Z] [INFO] [useGraphData] Collapsing node (UI) – {nodeId: "0000320193-25-000066"} (logger.ts, line 67)
[Log] [2025-12-30T09:22:34.091Z] [INFO] [App] Node expand/collapse toggled – {nodeId: "0000320193-25-000066", isExpanded: true} (logger.ts, line 67)
[Log] [2025-12-30T09:22:34.091Z] [INFO] [useGraphData] Expanding node (UI) – {nodeId: "0000320193-25-000066"} (logger.ts, line 67)
[Log] [2025-12-30T09:22:34.099Z] [INFO] [GraphCanvas] Node double-clicked (expand) – {nodeId: "0000320193-25-000066", expandType: "filing"} (logger.ts, line 67)
[Log] [2025-12-30T09:22:34.099Z] [INFO] [App] Node double-clicked (expand via API) – {nodeId: "0000320193-25-000066", nodeType: "filing"} (logger.ts, line 67)
[Log] [2025-12-30T09:22:36.631Z] [INFO] [App] Node expand/collapse toggled – {nodeId: "0001047469-98-000148", isExpanded: true} (logger.ts, line 67)
[Log] [2025-12-30T09:22:36.631Z] [INFO] [useGraphData] Expanding node (UI) – {nodeId: "0001047469-98-000148"} (logger.ts, line 67)
[Log] [2025-12-30T09:22:47.975Z] [INFO] [App] Node expand/collapse toggled – {nodeId: "0000320193-24-000102", isExpanded: false} (logger.ts, line 67)
[Log] [2025-12-30T09:22:47.976Z] [INFO] [useGraphData] Collapsing node (UI) – {nodeId: "0000320193-24-000102"} (logger.ts, line 67)
[Log] [2025-12-30T09:22:52.040Z] [INFO] [App] Node expand/collapse toggled – {nodeId: "0000320193-25-000066", isExpanded: false} (logger.ts, line 67)
[Log] [2025-12-30T09:22:52.040Z] [INFO] [useGraphData] Collapsing node (UI) – {nodeId: "0000320193-25-000066"} (logger.ts, line 67)
[Log] [2025-12-30T09:23:09.066Z] [INFO] [GraphCanvas] Node clicked in GraphCanvas – {nodeId: "0001047469-98-000148_Item1", labels: ["Section"], nodeType: "Section", …} (logger.ts, line 67)
{nodeId: "0001047469-98-000148_Item1", labels: ["Section"], nodeType: "Section", hasOnNodeClick: true, nodePosition: {x: -2960, y: 870}}Object
[Log] [2025-12-30T09:23:09.067Z] [INFO] [App] Node clicked in App – {nodeId: "0001047469-98-000148_Item1", labels: ["Section"]} (logger.ts, line 67)
[Log] [2025-12-30T09:23:09.067Z] [INFO] [usePanelState] Right panel expanded – {previousState: {collapsed: true, visible: true, expandedWidth: 400}, newState: {collapsed: false, visible: true, expandedWidth: 400}} (logger.ts, line 67)
[Log] [2025-12-30T09:23:09.067Z] [INFO] [useNodeSelection] Selecting node – {nodeId: "0001047469-98-000148_Item1", labels: ["Section"], hasGraphNode: true, …} (logger.ts, line 67)
{nodeId: "0001047469-98-000148_Item1", labels: ["Section"], hasGraphNode: true, graphNodeProperties: 10}Object
[Log] [2025-12-30T09:23:09.067Z] [INFO] [useNodeSelection] Using graph node properties as initial details – {nodeId: "0001047469-98-000148_Item1", propertyCount: 10, propertyKeys: Array} (logger.ts, line 67)
{nodeId: "0001047469-98-000148_Item1", propertyCount: 10, propertyKeys: Array}Object
[Log] [2025-12-30T09:23:09.093Z] [INFO] [useNodeSelection] Node details received – {nodeId: "0001047469-98-000148_Item1", relationshipCount: 1, hasContent: false, …} (logger.ts, line 67)
{nodeId: "0001047469-98-000148_Item1", relationshipCount: 1, hasContent: false, propertyCount: 10}Object
[Log] [2025-12-30T09:23:09.093Z] [INFO] [useNodeSelection] Node details API call successful – {nodeId: "0001047469-98-000148_Item1", propertyCount: 10, relationshipCount: 1, …} (logger.ts, line 67)
{nodeId: "0001047469-98-000148_Item1", propertyCount: 10, relationshipCount: 1, hasContent: false}Object
[Log] [2025-12-30T09:23:09.093Z] [INFO] [App] Node selection completed – {nodeId: "0001047469-98-000148_Item1", hasDetails: false, loading: false, …} (logger.ts, line 67)
{nodeId: "0001047469-98-000148_Item1", hasDetails: false, loading: false, error: null}Object
[Log] [2025-12-30T09:23:11.388Z] [INFO] [RightPanel] Right panel close clicked – {collapsed: false} (logger.ts, line 67)
[Log] [2025-12-30T09:23:11.403Z] [INFO] [usePanelState] Right panel expanded – {previousState: {collapsed: true, visible: true, expandedWidth: 400}, newState: {collapsed: false, visible: true, expandedWidth: 400}} (logger.ts, line 67)
[Log] [2025-12-30T09:23:11.403Z] [INFO] [usePanelState] Right panel expanded – {previousState: {collapsed: true, visible: true, expandedWidth: 400}, newState: {collapsed: false, visible: true, expandedWidth: 400}} (logger.ts, line 67)
[Log] [2025-12-30T09:23:12.822Z] [INFO] [RightPanel] Right panel close clicked – {collapsed: false} (logger.ts, line 67)
[Log] [2025-12-30T09:23:12.837Z] [INFO] [usePanelState] Right panel expanded – {previousState: {collapsed: true, visible: true, expandedWidth: 400}, newState: {collapsed: false, visible: true, expandedWidth: 400}} (logger.ts, line 67)
[Log] [2025-12-30T09:23:12.837Z] [INFO] [usePanelState] Right panel expanded – {previousState: {collapsed: true, visible: true, expandedWidth: 400}, newState: {collapsed: false, visible: true, expandedWidth: 400}} (logger.ts, line 67)
[Log] [2025-12-30T09:23:14.338Z] [INFO] [RightPanel] Right panel close clicked – {collapsed: false} (logger.ts, line 67)
[Log] [2025-12-30T09:23:14.351Z] [INFO] [usePanelState] Right panel expanded – {previousState: {collapsed: true, visible: true, expandedWidth: 400}, newState: {collapsed: false, visible: true, expandedWidth: 400}} (logger.ts, line 67)
[Log] [2025-12-30T09:23:14.352Z] [INFO] [usePanelState] Right panel expanded – {previousState: {collapsed: true, visible: true, expandedWidth: 400}, newState: {collapsed: false, visible: true, expandedWidth: 400}} (logger.ts, line 67)
[Log] [2025-12-30T09:24:41.636Z] [INFO] [RightPanel] Right panel close clicked – {collapsed: false} (logger.ts, line 67)
[Log] [2025-12-30T09:24:41.651Z] [INFO] [usePanelState] Right panel expanded – {previousState: {collapsed: true, visible: true, expandedWidth: 400}, newState: {collapsed: false, visible: true, expandedWidth: 400}} (logger.ts, line 67)
[Log] [2025-12-30T09:24:41.652Z] [INFO] [usePanelState] Right panel expanded – {previousState: {collapsed: true, visible: true, expandedWidth: 400}, newState: {collapsed: false, visible: true, expandedWidth: 400}} (logger.ts, line 67)