[Warning] 490 console messages are not shown.
[Log] [2025-12-30T09:10:29.706Z] [INFO] [App] Node selection completed – Object (logger.ts, line 67)
Object
[Log] [2025-12-30T09:10:29.867Z] [INFO] [GraphCanvas] Node double-clicked (expand) – Object (logger.ts, line 67)
Object
[Log] [2025-12-30T09:10:29.867Z] [INFO] [App] Node double-clicked (expand via API) – Object (logger.ts, line 67)
Object
[Log] [2025-12-30T09:10:29.867Z] [INFO] [useGraphData] Expanding node – Object (logger.ts, line 67)
Object
[Error] Failed to load resource: the server responded with a status of 404 (Not Found) (0001308179-25-000008_Item1, line 0)
[Error] [2025-12-30T09:10:29.878Z] [ERROR] [API] API Error: GET /api/graph/AAPL/expand/0001308179-25-000008_Item1 – Object
Object
	addLog (logger.ts:67)
	error (logger.ts:190)
	logResponse (logger.ts:206)
	(anonymous function) (api.ts:32)
[Error] [2025-12-30T09:10:29.878Z] [ERROR] [useGraphData] Failed to expand node (2)
Object
AxiosError
	addLog (logger.ts:65)
	error (logger.ts:190)
	(anonymous function) (useGraphData.ts:73)
[Warning] [2025-12-30T09:10:29.878Z] [WARN] [useGraphData] Node expansion failed, but continuing – Object (logger.ts, line 67)
Object
[Log] [2025-12-30T09:10:30.881Z] [INFO] [GraphCanvas] Node clicked in GraphCanvas – Object (logger.ts, line 67)
Object
[Log] [2025-12-30T09:10:30.881Z] [INFO] [App] Node clicked in App – Object (logger.ts, line 67)
Object
[Log] [2025-12-30T09:10:30.881Z] [INFO] [useNodeSelection] Selecting node – Object (logger.ts, line 67)
Object
[Log] [2025-12-30T09:10:30.881Z] [INFO] [useNodeSelection] Using graph node properties as initial details – Object (logger.ts, line 67)
Object
[Log] [2025-12-30T09:10:30.907Z] [INFO] [useNodeSelection] Node details received – Object (logger.ts, line 67)
Object
[Log] [2025-12-30T09:10:30.907Z] [INFO] [useNodeSelection] Node details API call successful – Object (logger.ts, line 67)
Object
[Log] [2025-12-30T09:10:30.907Z] [INFO] [App] Node selection completed – Object (logger.ts, line 67)
Object
[Log] [2025-12-30T09:10:31.291Z] [INFO] [GraphCanvas] Node clicked in GraphCanvas – Object (logger.ts, line 67)
Object
[Log] [2025-12-30T09:10:31.291Z] [INFO] [App] Node clicked in App – Object (logger.ts, line 67)
Object
[Log] [2025-12-30T09:10:31.291Z] [INFO] [useNodeSelection] Selecting node – Object (logger.ts, line 67)
Object
[Log] [2025-12-30T09:10:31.291Z] [INFO] [useNodeSelection] Using graph node properties as initial details – Object (logger.ts, line 67)
Object
[Log] [2025-12-30T09:10:31.324Z] [INFO] [useNodeSelection] Node details received – Object (logger.ts, line 67)
Object
[Log] [2025-12-30T09:10:31.325Z] [INFO] [useNodeSelection] Node details API call successful – Object (logger.ts, line 67)
Object
[Log] [2025-12-30T09:10:31.325Z] [INFO] [App] Node selection completed – Object (logger.ts, line 67)
Object
[Log] [2025-12-30T09:10:31.474Z] [INFO] [GraphCanvas] Node clicked in GraphCanvas – Object (logger.ts, line 67)
Object
[Log] [2025-12-30T09:10:31.474Z] [INFO] [App] Node clicked in App – Object (logger.ts, line 67)
Object
[Log] [2025-12-30T09:10:31.474Z] [INFO] [useNodeSelection] Selecting node – Object (logger.ts, line 67)
Object
[Log] [2025-12-30T09:10:31.474Z] [INFO] [useNodeSelection] Using graph node properties as initial details – Object (logger.ts, line 67)
Object
[Log] [2025-12-30T09:10:31.480Z] [INFO] [GraphCanvas] Node double-clicked (expand) – Object (logger.ts, line 67)
Object
[Log] [2025-12-30T09:10:31.480Z] [INFO] [App] Node double-clicked (expand via API) – Object (logger.ts, line 67)
Object
[Log] [2025-12-30T09:10:31.494Z] [INFO] [useNodeSelection] Node details received – Object (logger.ts, line 67)
Object
[Log] [2025-12-30T09:10:31.494Z] [INFO] [useNodeSelection] Node details API call successful – Object (logger.ts, line 67)
Object
[Log] [2025-12-30T09:10:31.494Z] [INFO] [App] Node selection completed – Object (logger.ts, line 67)
Object
[Log] [2025-12-30T09:10:32.652Z] [INFO] [App] Node expand/collapse toggled – Object (logger.ts, line 67)
Object
[Log] [2025-12-30T09:10:32.652Z] [INFO] [useGraphData] Collapsing node (UI) – Object (logger.ts, line 67)
Object
[Log] [2025-12-30T09:10:34.857Z] [INFO] [GraphCanvas] Node clicked in GraphCanvas – Object (logger.ts, line 67)
Object
[Log] [2025-12-30T09:10:34.857Z] [INFO] [App] Node clicked in App – Object (logger.ts, line 67)
Object
[Log] [2025-12-30T09:10:34.857Z] [INFO] [useNodeSelection] Selecting node – Object (logger.ts, line 67)
Object
[Log] [2025-12-30T09:10:34.857Z] [INFO] [useNodeSelection] Using graph node properties as initial details – Object (logger.ts, line 67)
Object
[Log] [2025-12-30T09:10:34.877Z] [INFO] [useNodeSelection] Node details received – Object (logger.ts, line 67)
Object
[Log] [2025-12-30T09:10:34.877Z] [INFO] [useNodeSelection] Node details API call successful – Object (logger.ts, line 67)
Object
[Log] [2025-12-30T09:10:34.877Z] [INFO] [App] Node selection completed – Object (logger.ts, line 67)
Object
[Log] [2025-12-30T09:10:35.901Z] [INFO] [App] Node expand/collapse toggled – Object (logger.ts, line 67)
Object
[Log] [2025-12-30T09:10:35.901Z] [INFO] [useGraphData] Collapsing node (UI) – Object (logger.ts, line 67)
Object
[Log] [2025-12-30T09:10:37.762Z] [INFO] [GraphCanvas] Node clicked in GraphCanvas – Object (logger.ts, line 67)
Object
[Log] [2025-12-30T09:10:37.762Z] [INFO] [App] Node clicked in App – Object (logger.ts, line 67)
Object
[Log] [2025-12-30T09:10:37.762Z] [INFO] [useNodeSelection] Selecting node – Object (logger.ts, line 67)
Object
[Log] [2025-12-30T09:10:37.762Z] [INFO] [useNodeSelection] Using graph node properties as initial details – Object (logger.ts, line 67)
Object
[Log] [2025-12-30T09:10:37.791Z] [INFO] [useNodeSelection] Node details received – Object (logger.ts, line 67)
Object
[Log] [2025-12-30T09:10:37.791Z] [INFO] [useNodeSelection] Node details API call successful – Object (logger.ts, line 67)
Object
[Log] [2025-12-30T09:10:37.791Z] [INFO] [App] Node selection completed – Object (logger.ts, line 67)
Object
[Log] [2025-12-30T09:10:37.931Z] [INFO] [GraphCanvas] Node clicked in GraphCanvas – Object (logger.ts, line 67)
Object
[Log] [2025-12-30T09:10:37.931Z] [INFO] [App] Node clicked in App – Object (logger.ts, line 67)
Object
[Log] [2025-12-30T09:10:37.931Z] [INFO] [useNodeSelection] Selecting node – Object (logger.ts, line 67)
Object
[Log] [2025-12-30T09:10:37.931Z] [INFO] [useNodeSelection] Using graph node properties as initial details – Object (logger.ts, line 67)
Object
[Log] [2025-12-30T09:10:37.936Z] [INFO] [GraphCanvas] Node double-clicked (expand) – Object (logger.ts, line 67)
Object
[Log] [2025-12-30T09:10:37.936Z] [INFO] [App] Node double-clicked (expand via API) – Object (logger.ts, line 67)
Object
[Log] [2025-12-30T09:10:37.936Z] [INFO] [useGraphData] Expanding node – Object (logger.ts, line 67)
Object
[Log] [2025-12-30T09:10:37.955Z] [INFO] [useNodeSelection] Node details received – Object (logger.ts, line 67)
Object
[Log] [2025-12-30T09:10:37.955Z] [INFO] [useNodeSelection] Node details API call successful – Object (logger.ts, line 67)
Object
[Log] [2025-12-30T09:10:37.955Z] [INFO] [App] Node selection completed – Object (logger.ts, line 67)
Object
[Log] [2025-12-30T09:10:37.960Z] [INFO] [useGraphData] Node expanded – Object (logger.ts, line 67)
Object
[Log] [2025-12-30T09:10:42.068Z] [INFO] [App] Node expand/collapse toggled – Object (logger.ts, line 67)
Object
[Log] [2025-12-30T09:10:42.068Z] [INFO] [useGraphData] Expanding node (UI) – Object (logger.ts, line 67)
Object
[Log] [2025-12-30T09:11:21.394Z] [INFO] [RightPanel] Right panel close clicked – Object (logger.ts, line 67)
Object
[Log] [2025-12-30T09:11:21.412Z] [INFO] [usePanelState] Right panel expanded – Object (logger.ts, line 67)
Object
[Log] [2025-12-30T09:11:21.412Z] [INFO] [usePanelState] Right panel expanded – Object (logger.ts, line 67)
Object
[Log] [2025-12-30T09:11:22.734Z] [INFO] [RightPanel] Right panel close clicked – Object (logger.ts, line 67)
Object
[Log] [2025-12-30T09:11:22.743Z] [INFO] [usePanelState] Right panel expanded – Object (logger.ts, line 67)
Object
[Log] [2025-12-30T09:11:22.743Z] [INFO] [usePanelState] Right panel expanded – Object (logger.ts, line 67)
Object
[Log] [2025-12-30T09:11:24.311Z] [INFO] [GraphCanvas] Node clicked in GraphCanvas – Object (logger.ts, line 67)
Object
[Log] [2025-12-30T09:11:24.311Z] [INFO] [App] Node clicked in App – Object (logger.ts, line 67)
Object
[Log] [2025-12-30T09:11:24.311Z] [INFO] [useNodeSelection] Selecting node – Object (logger.ts, line 67)
Object
[Log] [2025-12-30T09:11:24.311Z] [INFO] [useNodeSelection] Using graph node properties as initial details – Object (logger.ts, line 67)
Object
[Log] [2025-12-30T09:11:24.341Z] [INFO] [useNodeSelection] Node details received – Object (logger.ts, line 67)
Object
[Log] [2025-12-30T09:11:24.341Z] [INFO] [useNodeSelection] Node details API call successful – Object (logger.ts, line 67)
Object
[Log] [2025-12-30T09:11:24.341Z] [INFO] [App] Node selection completed – Object (logger.ts, line 67)
Object
[Log] [2025-12-30T09:11:25.126Z] [INFO] [GraphCanvas] Node clicked in GraphCanvas – Object (logger.ts, line 67)
Object
[Log] [2025-12-30T09:11:25.126Z] [INFO] [App] Node clicked in App – Object (logger.ts, line 67)
Object
[Log] [2025-12-30T09:11:25.127Z] [INFO] [useNodeSelection] Selecting node – Object (logger.ts, line 67)
Object
[Log] [2025-12-30T09:11:25.127Z] [INFO] [useNodeSelection] Using graph node properties as initial details – Object (logger.ts, line 67)
Object
[Log] [2025-12-30T09:11:25.158Z] [INFO] [useNodeSelection] Node details received – Object (logger.ts, line 67)
Object
[Log] [2025-12-30T09:11:25.158Z] [INFO] [useNodeSelection] Node details API call successful – Object (logger.ts, line 67)
Object
[Log] [2025-12-30T09:11:25.158Z] [INFO] [App] Node selection completed – Object (logger.ts, line 67)
Object
[Log] [2025-12-30T09:11:27.491Z] [INFO] [RightPanel] Right panel close clicked – Object (logger.ts, line 67)
Object
[Log] [2025-12-30T09:11:27.506Z] [INFO] [usePanelState] Right panel expanded – Object (logger.ts, line 67)
Object
[Log] [2025-12-30T09:11:27.506Z] [INFO] [usePanelState] Right panel expanded – Object (logger.ts, line 67)
Object
[Log] [2025-12-30T09:11:28.241Z] [INFO] [RightPanel] Right panel close clicked – Object (logger.ts, line 67)
Object
[Log] [2025-12-30T09:11:28.256Z] [INFO] [usePanelState] Right panel expanded – Object (logger.ts, line 67)
Object
[Log] [2025-12-30T09:11:28.257Z] [INFO] [usePanelState] Right panel expanded – Object (logger.ts, line 67)
Object
[Log] [2025-12-30T09:11:28.962Z] [INFO] [RightPanel] Right panel close clicked – Object (logger.ts, line 67)
Object
[Log] [2025-12-30T09:11:28.977Z] [INFO] [usePanelState] Right panel expanded – Object (logger.ts, line 67)
Object
[Log] [2025-12-30T09:11:28.977Z] [INFO] [usePanelState] Right panel expanded – Object (logger.ts, line 67)
Object
[Log] [2025-12-30T09:11:43.205Z] [INFO] [RightPanel] Right panel close clicked – {collapsed: false} (logger.ts, line 67)
[Log] [2025-12-30T09:11:43.254Z] [INFO] [usePanelState] Right panel expanded – {previousState: {collapsed: true, visible: true, expandedWidth: 400}, newState: {collapsed: false, visible: true, expandedWidth: 400}} (logger.ts, line 67)
[Log] [2025-12-30T09:11:43.255Z] [INFO] [usePanelState] Right panel expanded – {previousState: {collapsed: true, visible: true, expandedWidth: 400}, newState: {collapsed: false, visible: true, expandedWidth: 400}} (logger.ts, line 67)
[Log] [2025-12-30T09:12:02.195Z] [INFO] [RightPanel] Right panel toggle clicked – {currentCollapsed: false, newCollapsed: true} (logger.ts, line 67)
[Log] [2025-12-30T09:12:02.219Z] [INFO] [usePanelState] Right panel expanded – {previousState: {collapsed: true, visible: true, expandedWidth: 400}, newState: {collapsed: false, visible: true, expandedWidth: 400}} (logger.ts, line 67)
[Log] [2025-12-30T09:12:02.219Z] [INFO] [usePanelState] Right panel expanded – {previousState: {collapsed: true, visible: true, expandedWidth: 400}, newState: {collapsed: false, visible: true, expandedWidth: 400}} (logger.ts, line 67)